// Jest Snapshot v1, https://goo.gl/fbAQLP

exports[`should render expense list item with expenseArray data  1`] = `
<div>
  <Link
    to="/edit/0"
  >
    <h2>
      gas bill
    </h2>
  </Link>
  <div>
    <p>
      Amount : 
      <b>
        1234
      </b>
        
         
        Created Time :
      <b>
        0
      </b>
    </p>
  </div>
</div>
`;
